    Checking hawdb-plan-core v0.5.0 (/private/tmp/hawdb-291-post913-qualification/crates/plan-core)
    Checking hawdb-cgroup v0.5.0 (/private/tmp/hawdb-291-post913-qualification/crates/cgroup)
    Checking hawdb-cascades v0.5.0 (/private/tmp/hawdb-291-post913-qualification/crates/cascades)
    Checking hawdb-integrity v0.5.0 (/private/tmp/hawdb-291-post913-qualification/crates/integrity)
    Checking hawdb-core v0.5.0 (/private/tmp/hawdb-291-post913-qualification/crates/core)
    Checking hawdb-sql-syntax v0.5.0 (/private/tmp/hawdb-291-post913-qualification/crates/sql-syntax)
    Checking hawdb-query v0.5.0 (/private/tmp/hawdb-291-post913-qualification/crates/query)
    Checking hawdb-route-ownership v0.5.0 (/private/tmp/hawdb-291-post913-qualification/crates/route-ownership)
    Checking hawdb-optimizer-vector v0.5.0 (/private/tmp/hawdb-291-post913-qualification/crates/optimizer-vector)
    Checking hawdb-optimizer-predicate v0.5.0 (/private/tmp/hawdb-291-post913-qualification/crates/optimizer-predicate)
    Checking hawdb-ddl v0.5.0 (/private/tmp/hawdb-291-post913-qualification/crates/ddl)
    Checking hawdb-expression v0.5.0 (/private/tmp/hawdb-291-post913-qualification/crates/expression)
    Checking hawdb-qos v0.5.0 (/private/tmp/hawdb-291-post913-qualification/crates/qos)
    Checking hawdb-analytics v0.5.0 (/private/tmp/hawdb-291-post913-qualification/crates/analytics)
    Checking hawdb-evidence v0.5.0 (/private/tmp/hawdb-291-post913-qualification/crates/evidence)
    Checking hawdb-fuzz-contracts v0.5.0 (/private/tmp/hawdb-291-post913-qualification/crates/fuzz-contracts)
    Checking hawdb-cypher v0.5.0 (/private/tmp/hawdb-291-post913-qualification/crates/cypher)
    Checking hawdb-optimizer-relational v0.5.0 (/private/tmp/hawdb-291-post913-qualification/crates/optimizer-relational)
    Checking hawdb-telemetry v0.5.0 (/private/tmp/hawdb-291-post913-qualification/crates/telemetry)
    Checking hawdb-plan-cypher v0.5.0 (/private/tmp/hawdb-291-post913-qualification/crates/plan-cypher)
    Checking hawdb-storage v0.5.0 (/private/tmp/hawdb-291-post913-qualification/crates/storage)
    Checking hawdb-plan-cache v0.5.0 (/private/tmp/hawdb-291-post913-qualification/crates/plan-cache)
    Checking hawdb-optimizer-graph v0.5.0 (/private/tmp/hawdb-291-post913-qualification/crates/optimizer-graph)
    Checking hawdb-sql v0.5.0 (/private/tmp/hawdb-291-post913-qualification/crates/sql)
    Checking hawdb-optimizer v0.5.0 (/private/tmp/hawdb-291-post913-qualification/crates/optimizer)
    Checking hawdb-query-policy v0.5.0 (/private/tmp/hawdb-291-post913-qualification/crates/query-policy)
    Checking hawdb-executor v0.5.0 (/private/tmp/hawdb-291-post913-qualification/crates/executor)
    Checking hawdb-search v0.5.0 (/private/tmp/hawdb-291-post913-qualification/crates/search)
    Checking hawdb-system-sql v0.5.0 (/private/tmp/hawdb-291-post913-qualification/crates/system-sql)
    Checking hawdb-resource-profile v0.5.0 (/private/tmp/hawdb-291-post913-qualification/crates/resource-profile)
    Checking hawdb-explain v0.5.0 (/private/tmp/hawdb-291-post913-qualification/crates/explain)
    Checking hawdb-relational v0.5.0 (/private/tmp/hawdb-291-post913-qualification/crates/relational)
    Checking hawdb-compat v0.5.0 (/private/tmp/hawdb-291-post913-qualification/crates/compat)
    Checking hawdb-artifact v0.5.0 (/private/tmp/hawdb-291-post913-qualification/crates/artifact)
    Checking hawdb-nowledge-contracts v0.5.0 (/private/tmp/hawdb-291-post913-qualification/crates/nowledge-contracts)
    Checking hawdb-bootstrap v0.5.0 (/private/tmp/hawdb-291-post913-qualification/crates/bootstrap)
    Checking hawdb-readiness v0.5.0 (/private/tmp/hawdb-291-post913-qualification/crates/readiness)
    Checking hawdb v0.5.0 (/private/tmp/hawdb-291-post913-qualification)
    Finished `dev` profile [unoptimized] target(s) in 17.55s
