Computing main repo mapping: 
Loading: 
Loading: 0 packages loaded
Analyzing: target //:hawdb_branch_project_open_tests (0 packages loaded, 0 targets configured)
Analyzing: target //:hawdb_branch_project_open_tests (0 packages loaded, 0 targets configured)

INFO: Analyzed target //:hawdb_branch_project_open_tests (0 packages loaded, 9 targets configured).
[748 / 751] Compiling Rust rlib hawdb (220 files); 1s darwin-sandbox
[749 / 751] [Prepa] Compiling Rust bin hawdb_branch_project_open_tests (3 files)
[750 / 751] [Prepa] runfiles for //:hawdb_branch_project_open_tests
[751 / 752] Testing //:hawdb_branch_project_open_tests; 1s darwin-sandbox
[751 / 752] Testing //:hawdb_branch_project_open_tests; 9s darwin-sandbox
INFO: Found 1 test target...
Target //:hawdb_branch_project_open_tests up-to-date:
  bazel-bin/hawdb_branch_project_open_tests
INFO: Elapsed time: 14.119s, Critical Path: 13.48s
INFO: 8 processes: 5 internal, 4 darwin-sandbox.
INFO: Build completed successfully, 8 total actions
//:hawdb_branch_project_open_tests                                       PASSED in 9.3s

Executed 1 out of 1 test: 1 test passes.
There were tests whose specified size is too big. Use the --test_verbose_timeout_warnings command line option to see which ones these are.
