Starting local Bazel server (9.3.0) and connecting to it...
Computing main repo mapping: 
Computing main repo mapping: 
Computing main repo mapping: 
Computing main repo mapping: 
Computing main repo mapping: 
Computing main repo mapping: 
Computing main repo mapping: 
Computing main repo mapping: 
Computing main repo mapping: 
Computing main repo mapping: 
Computing main repo mapping: 
Computing main repo mapping: 
Computing main repo mapping: 
Loading: 
Loading: 1 packages loaded
Loading: 1 packages loaded
    currently loading: crates/storage
Loading: 1 packages loaded
    currently loading: crates/storage
Loading: 1 packages loaded
    currently loading: crates/storage
Loading: 1 packages loaded
    currently loading: crates/storage
Loading: 1 packages loaded
    currently loading: crates/storage
Loading: 1 packages loaded
    currently loading: crates/storage
Analyzing: target //crates/storage:hawdb_storage_tests (6 packages loaded, 6 targets configured)
Analyzing: target //crates/storage:hawdb_storage_tests (6 packages loaded, 6 targets configured)

Analyzing: target //crates/storage:hawdb_storage_tests (63 packages loaded, 9 targets configured)

INFO: Analyzed target //crates/storage:hawdb_storage_tests (256 packages loaded, 8293 targets configured).
[161 / 560] checking cached actions
[558 / 560] Compiling Rust bin hawdb_storage_tests (222 files); 0s darwin-sandbox
[558 / 560] Compiling Rust bin hawdb_storage_tests (222 files); 11s darwin-sandbox
[559 / 560] [Prepa] runfiles for //crates/storage:hawdb_storage_tests
[560 / 561] Testing //crates/storage:hawdb_storage_tests; 1s darwin-sandbox
INFO: Found 1 test target...
Target //crates/storage:hawdb_storage_tests up-to-date:
  bazel-bin/crates/storage/hawdb_storage_tests
INFO: Elapsed time: 56.370s, Critical Path: 18.20s
INFO: 4 processes: 557 action cache hit, 2 internal, 3 darwin-sandbox.
INFO: Build completed successfully, 4 total actions
//crates/storage:hawdb_storage_tests                                     PASSED in 1.1s

Executed 1 out of 1 test: 1 test passes.
There were tests whose specified size is too big. Use the --test_verbose_timeout_warnings command line option to see which ones these are.
